2026.09.29 17:49:10 WARN  Using H2 2.5.250 which is newer than the version Flyway has been verified with. The latest verified version of H2 is 2.3.232.
2026.09.29 17:49:10 INFO  no build target found for C:\Users\kvcho\Documents\GitHubRepos\TurnaroundTundrasProject1\java\Algorithm.java. Using fallback presentation compiler.
Sep 29, 2026 5:49:12 PM org.eclipse.lsp4j.jsonrpc.RemoteEndpoint handleCancellation
WARNING: Unmatched cancel notification for request id 2
Sep 29, 2026 5:49:12 PM org.eclipse.lsp4j.jsonrpc.RemoteEndpoint handleCancellation
WARNING: Unmatched cancel notification for request id 5
Sep 29, 2026 5:49:12 PM org.eclipse.lsp4j.jsonrpc.RemoteEndpoint handleCancellation
WARNING: Unmatched cancel notification for request id 1
2026.09.29 17:49:12 INFO  no build target found for C:\Users\kvcho\Documents\GitHubRepos\TurnaroundTundrasProject1\java\Algorithm.java. Using fallback presentation compiler.
2026.09.29 17:49:12 WARN  no build tool detected in workspace 'C:\Users\kvcho\Documents\GitHubRepos\TurnaroundTundrasProject1'. The most common cause for this problem is that the editor was opened in the wrong working directory, for example if you use sbt then the workspace directory should contain build.sbt. 
2026.09.29 17:49:12 WARN  Build server is not auto-connectable.
2026.09.29 17:49:12 WARN  no build target for: C:\Users\kvcho\Documents\GitHubRepos\TurnaroundTundrasProject1\java\Algorithm.java
2026.09.29 17:49:20 WARN  no build target for: C:\Users\kvcho\Documents\GitHubRepos\TurnaroundTundrasProject1\java\CPU (4).java
2026.09.29 17:49:20 INFO  no build target found for C:\Users\kvcho\Documents\GitHubRepos\TurnaroundTundrasProject1\java\CPU (4).java. Using fallback presentation compiler.
Sep 29, 2026 5:49:20 PM org.eclipse.lsp4j.jsonrpc.RemoteEndpoint handleCancellation
WARNING: Unmatched cancel notification for request id 7
2026.09.29 17:49:20 INFO  no build target found for C:\Users\kvcho\Documents\GitHubRepos\TurnaroundTundrasProject1\java\CPU (4).java. Using fallback presentation compiler.
Sep 29, 2026 5:49:21 PM org.eclipse.lsp4j.jsonrpc.RemoteEndpoint handleCancellation
WARNING: Unmatched cancel notification for request id 9
2026.09.29 17:49:20 INFO  no build target found for C:\Users\kvcho\Documents\GitHubRepos\TurnaroundTundrasProject1\java\CPU (4).java. Using fallback presentation compiler.
2026.09.29 17:49:21 INFO  no build target found for C:\Users\kvcho\Documents\GitHubRepos\TurnaroundTundrasProject1\java\CPU (4).java. Using fallback presentation compiler.
2026.09.29 17:49:20 INFO  no build target found for C:\Users\kvcho\Documents\GitHubRepos\TurnaroundTundrasProject1\java\CPU (4).java. Using fallback presentation compiler.
2026.09.29 17:49:20 INFO  no build target found for C:\Users\kvcho\Documents\GitHubRepos\TurnaroundTundrasProject1\java\CPU (4).java. Using fallback presentation compiler.
2026.09.29 17:49:22 INFO  no build target found for C:\Users\kvcho\Documents\GitHubRepos\TurnaroundTundrasProject1\java\CPU (4).java. Using fallback presentation compiler.
2026.09.29 17:49:24 INFO  no build target found for C:\Users\kvcho\Documents\GitHubRepos\TurnaroundTundrasProject1\java\CPU (4).java. Using fallback presentation compiler.
2026.09.29 17:49:25 INFO  no build target found for C:\Users\kvcho\Documents\GitHubRepos\TurnaroundTundrasProject1\java\CPU (4).java. Using fallback presentation compiler.
2026.09.29 17:49:25 INFO  no build target found for C:\Users\kvcho\Documents\GitHubRepos\TurnaroundTundrasProject1\java\CPU (4).java. Using fallback presentation compiler.
2026.09.29 17:49:27 INFO  no build target found for c:\Users\kvcho\Documents\GitHubRepos\TurnaroundTundrasProject1\java\CPU (4).java. Using fallback presentation compiler.
2026.09.29 17:49:27 WARN  no build target for: C:\Users\kvcho\Documents\GitHubRepos\TurnaroundTundrasProject1\java\CPU.java
2026.09.29 17:49:27 INFO  no build target found for C:\Users\kvcho\Documents\GitHubRepos\TurnaroundTundrasProject1\java\CPU.java. Using fallback presentation compiler.
2026.09.29 17:49:28 INFO  no build target found for C:\Users\kvcho\Documents\GitHubRepos\TurnaroundTundrasProject1\java\CPU.java. Using fallback presentation compiler.
2026.09.29 17:49:27 INFO  no build target found for C:\Users\kvcho\Documents\GitHubRepos\TurnaroundTundrasProject1\java\CPU.java. Using fallback presentation compiler.
2026.09.29 17:49:28 INFO  no build target found for C:\Users\kvcho\Documents\GitHubRepos\TurnaroundTundrasProject1\java\CPU.java. Using fallback presentation compiler.
2026.09.29 17:49:27 INFO  no build target found for C:\Users\kvcho\Documents\GitHubRepos\TurnaroundTundrasProject1\java\CPU.java. Using fallback presentation compiler.
2026.09.29 17:49:29 WARN  no build target for: C:\Users\kvcho\Documents\GitHubRepos\TurnaroundTundrasProject1\java\Driver (4).java
2026.09.29 17:49:29 INFO  no build target found for C:\Users\kvcho\Documents\GitHubRepos\TurnaroundTundrasProject1\java\Driver (4).java. Using fallback presentation compiler.
2026.09.29 17:49:29 INFO  no build target found for C:\Users\kvcho\Documents\GitHubRepos\TurnaroundTundrasProject1\java\Driver (4).java. Using fallback presentation compiler.
Sep 29, 2026 5:49:30 PM org.eclipse.lsp4j.jsonrpc.RemoteEndpoint handleCancellation
WARNING: Unmatched cancel notification for request id 36
2026.09.29 17:49:29 INFO  no build target found for C:\Users\kvcho\Documents\GitHubRepos\TurnaroundTundrasProject1\java\Driver (4).java. Using fallback presentation compiler.
2026.09.29 17:49:30 INFO  no build target found for C:\Users\kvcho\Documents\GitHubRepos\TurnaroundTundrasProject1\java\Driver (4).java. Using fallback presentation compiler.
2026.09.29 17:49:29 INFO  no build target found for C:\Users\kvcho\Documents\GitHubRepos\TurnaroundTundrasProject1\java\Driver (4).java. Using fallback presentation compiler.
2026.09.29 17:49:33 INFO  no build target found for c:\Users\kvcho\Documents\GitHubRepos\TurnaroundTundrasProject1\java\Driver (4).java. Using fallback presentation compiler.
2026.09.29 17:49:33 WARN  no build target for: C:\Users\kvcho\Documents\GitHubRepos\TurnaroundTundrasProject1\java\Driver.java
2026.09.29 17:49:33 INFO  no build target found for C:\Users\kvcho\Documents\GitHubRepos\TurnaroundTundrasProject1\java\Driver.java. Using fallback presentation compiler.
2026.09.29 17:49:34 INFO  no build target found for C:\Users\kvcho\Documents\GitHubRepos\TurnaroundTundrasProject1\java\Driver.java. Using fallback presentation compiler.
2026.09.29 17:49:33 INFO  no build target found for C:\Users\kvcho\Documents\GitHubRepos\TurnaroundTundrasProject1\java\Driver.java. Using fallback presentation compiler.
2026.09.29 17:49:34 INFO  no build target found for C:\Users\kvcho\Documents\GitHubRepos\TurnaroundTundrasProject1\java\Driver.java. Using fallback presentation compiler.
2026.09.29 17:49:33 INFO  no build target found for C:\Users\kvcho\Documents\GitHubRepos\TurnaroundTundrasProject1\java\Driver.java. Using fallback presentation compiler.
2026.09.29 17:49:50 WARN  no build target for: C:\Users\kvcho\Documents\GitHubRepos\TurnaroundTundrasProject1\java\Task (4).java
2026.09.29 17:49:50 INFO  no build target found for C:\Users\kvcho\Documents\GitHubRepos\TurnaroundTundrasProject1\java\Task (4).java. Using fallback presentation compiler.
2026.09.29 17:49:50 INFO  no build target found for C:\Users\kvcho\Documents\GitHubRepos\TurnaroundTundrasProject1\java\Task (4).java. Using fallback presentation compiler.
2026.09.29 17:49:50 INFO  no build target found for C:\Users\kvcho\Documents\GitHubRepos\TurnaroundTundrasProject1\java\Task (4).java. Using fallback presentation compiler.
2026.09.29 17:49:50 INFO  no build target found for C:\Users\kvcho\Documents\GitHubRepos\TurnaroundTundrasProject1\java\Task (4).java. Using fallback presentation compiler.
2026.09.29 17:49:50 INFO  no build target found for C:\Users\kvcho\Documents\GitHubRepos\TurnaroundTundrasProject1\java\Task (4).java. Using fallback presentation compiler.
2026.09.29 17:49:53 INFO  no build target found for c:\Users\kvcho\Documents\GitHubRepos\TurnaroundTundrasProject1\java\Task (4).java. Using fallback presentation compiler.
2026.09.29 17:49:53 WARN  no build target for: C:\Users\kvcho\Documents\GitHubRepos\TurnaroundTundrasProject1\java\Task.java
2026.09.29 17:49:53 INFO  no build target found for C:\Users\kvcho\Documents\GitHubRepos\TurnaroundTundrasProject1\java\Task.java. Using fallback presentation compiler.
2026.09.29 17:49:53 INFO  no build target found for C:\Users\kvcho\Documents\GitHubRepos\TurnaroundTundrasProject1\java\Task.java. Using fallback presentation compiler.
2026.09.29 17:49:53 INFO  no build target found for C:\Users\kvcho\Documents\GitHubRepos\TurnaroundTundrasProject1\java\Task.java. Using fallback presentation compiler.
2026.09.29 17:49:53 INFO  no build target found for C:\Users\kvcho\Documents\GitHubRepos\TurnaroundTundrasProject1\java\Task.java. Using fallback presentation compiler.
2026.09.29 17:50:00 INFO  no build target found for C:\Users\kvcho\Documents\GitHubRepos\TurnaroundTundrasProject1\java\CPU.java. Using fallback presentation compiler.
2026.09.29 17:50:00 WARN  no build target for: C:\Users\kvcho\Documents\GitHubRepos\TurnaroundTundrasProject1\java\CPU.java
2026.09.29 17:50:01 INFO  no build target found for C:\Users\kvcho\Documents\GitHubRepos\TurnaroundTundrasProject1\java\CPU.java. Using fallback presentation compiler.
2026.09.29 17:50:00 INFO  no build target found for C:\Users\kvcho\Documents\GitHubRepos\TurnaroundTundrasProject1\java\CPU.java. Using fallback presentation compiler.
2026.09.29 17:50:00 INFO  no build target found for C:\Users\kvcho\Documents\GitHubRepos\TurnaroundTundrasProject1\java\CPU.java. Using fallback presentation compiler.
2026.09.29 17:50:02 INFO  no build target found for C:\Users\kvcho\Documents\GitHubRepos\TurnaroundTundrasProject1\java\Driver.java. Using fallback presentation compiler.
2026.09.29 17:50:02 WARN  no build target for: C:\Users\kvcho\Documents\GitHubRepos\TurnaroundTundrasProject1\java\Driver.java
2026.09.29 17:50:02 INFO  no build target found for C:\Users\kvcho\Documents\GitHubRepos\TurnaroundTundrasProject1\java\Driver.java. Using fallback presentation compiler.
2026.09.29 17:50:02 INFO  no build target found for C:\Users\kvcho\Documents\GitHubRepos\TurnaroundTundrasProject1\java\Driver.java. Using fallback presentation compiler.
2026.09.29 17:50:02 INFO  no build target found for C:\Users\kvcho\Documents\GitHubRepos\TurnaroundTundrasProject1\java\Driver.java. Using fallback presentation compiler.
Sep 29, 2026 5:51:22 PM org.eclipse.lsp4j.jsonrpc.services.GenericEndpoint notify
INFO: Unsupported notification method: $/setTrace
Sep 29, 2026 5:51:23 PM org.eclipse.lsp4j.jsonrpc.services.GenericEndpoint notify
INFO: Unsupported notification method: $/setTrace
